
Allocating common symbols
Common symbol       size              file

idt_ptr             0x6               kernel/global.o
currentSleep        0x4               kernel/global.o
task_stack          0x38000           kernel/global.o
k_reenter           0x4               kernel/global.o
gdt                 0x400             kernel/global.o
tty_table           0xc30             kernel/global.o
tss                 0x68              kernel/global.o
customers           0x30              kernel/global.o
nr_current_console  0x4               kernel/global.o
mutex               0x30              kernel/global.o
disp_pos            0x4               kernel/global.o
gdt_ptr             0x6               kernel/global.o
idt                 0x800             kernel/global.o
ticks               0x4               kernel/global.o
console_table       0x30              kernel/global.o
irq_table           0x40              kernel/global.o
p_proc_ready        0x4               kernel/global.o
proc_table          0x436             kernel/global.o
barbers             0x30              kernel/global.o

Discarded input sections

 .note.GNU-stack
                0x0000000000000000        0x0 kernel/start.o
 .note.GNU-stack
                0x0000000000000000        0x0 kernel/main.o
 .note.GNU-stack
                0x0000000000000000        0x0 kernel/clock.o
 .note.GNU-stack
                0x0000000000000000        0x0 kernel/keyboard.o
 .note.GNU-stack
                0x0000000000000000        0x0 kernel/tty.o
 .note.GNU-stack
                0x0000000000000000        0x0 kernel/console.o
 .note.GNU-stack
                0x0000000000000000        0x0 kernel/i8259.o
 .note.GNU-stack
                0x0000000000000000        0x0 kernel/global.o
 .note.GNU-stack
                0x0000000000000000        0x0 kernel/protect.o
 .note.GNU-stack
                0x0000000000000000        0x0 kernel/proc.o
 .note.GNU-stack
                0x0000000000000000        0x0 kernel/systask.o
 .note.GNU-stack
                0x0000000000000000        0x0 kernel/printf.o
 .note.GNU-stack
                0x0000000000000000        0x0 kernel/vsprintf.o
 .note.GNU-stack
                0x0000000000000000        0x0 lib/klib.o
 .note.GNU-stack
                0x0000000000000000        0x0 lib/misc.o

Memory Configuration

Name             Origin             Length             Attributes
*default*        0x0000000000000000 0xffffffffffffffff

Linker script and memory map

Address of section .text set to 0x30400
LOAD kernel/kernel.o
LOAD kernel/syscall.o
LOAD kernel/start.o
LOAD kernel/main.o
LOAD kernel/clock.o
LOAD kernel/keyboard.o
LOAD kernel/tty.o
LOAD kernel/console.o
LOAD kernel/i8259.o
LOAD kernel/global.o
LOAD kernel/protect.o
LOAD kernel/proc.o
LOAD kernel/systask.o
LOAD kernel/printf.o
LOAD kernel/vsprintf.o
LOAD lib/kliba.o
LOAD lib/klib.o
LOAD lib/string.o
LOAD lib/misc.o
                [!provide]                        PROVIDE (__executable_start, 0x8048000)
                0x0000000008048094                . = (0x8048000 + SIZEOF_HEADERS)

.interp
 *(.interp)

.note.gnu.build-id
 *(.note.gnu.build-id)

.hash
 *(.hash)

.gnu.hash
 *(.gnu.hash)

.dynsym
 *(.dynsym)

.dynstr
 *(.dynstr)

.gnu.version
 *(.gnu.version)

.gnu.version_d
 *(.gnu.version_d)

.gnu.version_r
 *(.gnu.version_r)

.rel.dyn        0x0000000008048094        0x0
 *(.rel.init)
 *(.rel.text .rel.text.* .rel.gnu.linkonce.t.*)
 .rel.text      0x0000000008048094        0x0 kernel/kernel.o
 *(.rel.fini)
 *(.rel.rodata .rel.rodata.* .rel.gnu.linkonce.r.*)
 *(.rel.data.rel.ro .rel.data.rel.ro.* .rel.gnu.linkonce.d.rel.ro.*)
 *(.rel.data .rel.data.* .rel.gnu.linkonce.d.*)
 .rel.data      0x0000000008048094        0x0 kernel/kernel.o
 *(.rel.tdata .rel.tdata.* .rel.gnu.linkonce.td.*)
 *(.rel.tbss .rel.tbss.* .rel.gnu.linkonce.tb.*)
 *(.rel.ctors)
 *(.rel.dtors)
 *(.rel.got)
 *(.rel.bss .rel.bss.* .rel.gnu.linkonce.b.*)
 *(.rel.ifunc)

.rel.plt        0x0000000008048094        0x0
 *(.rel.plt)
                [!provide]                        PROVIDE (__rel_iplt_start, .)
 *(.rel.iplt)
 .rel.iplt      0x0000000008048094        0x0 kernel/kernel.o
                [!provide]                        PROVIDE (__rel_iplt_end, .)

.init
 *(SORT(.init))

.plt            0x00000000080480a0        0x0
 *(.plt)
 *(.iplt)
 .iplt          0x00000000080480a0        0x0 kernel/kernel.o

.text           0x0000000000030400     0x423b
 *(.text.unlikely .text.*_unlikely .text.unlikely.*)
 *(.text.exit .text.exit.*)
 *(.text.startup .text.startup.*)
 *(.text.hot .text.hot.*)
 *(.text .stub .text.* .gnu.linkonce.t.*)
 .text          0x0000000000030400      0x317 kernel/kernel.o
                0x0000000000030400                _start
                0x0000000000030440                hwint00
                0x0000000000030470                hwint01
                0x00000000000304a0                hwint02
                0x00000000000304d0                hwint03
                0x0000000000030500                hwint04
                0x0000000000030530                hwint05
                0x0000000000030560                hwint06
                0x0000000000030590                hwint07
                0x00000000000305c0                hwint08
                0x00000000000305d0                hwint09
                0x00000000000305e0                hwint10
                0x00000000000305f0                hwint11
                0x0000000000030600                hwint12
                0x0000000000030610                hwint13
                0x0000000000030620                hwint14
                0x0000000000030630                hwint15
                0x000000000003063b                divide_error
                0x0000000000030641                single_step_exception
                0x0000000000030647                nmi
                0x000000000003064d                breakpoint_exception
                0x0000000000030653                overflow
                0x0000000000030659                bounds_check
                0x000000000003065f                inval_opcode
                0x0000000000030665                copr_not_available
                0x000000000003066b                double_fault
                0x000000000003066f                copr_seg_overrun
                0x0000000000030675                inval_tss
                0x0000000000030679                segment_not_present
                0x000000000003067d                stack_exception
                0x0000000000030681                general_protection
                0x0000000000030685                page_fault
                0x0000000000030689                copr_error
                0x00000000000306d2                sys_call
                0x00000000000306f2                restart
 *fill*         0x0000000000030717        0x9 
 .text          0x0000000000030720       0x44 kernel/syscall.o
                0x0000000000030720                sendrec
                0x0000000000030734                printx
                0x0000000000030740                sleep
                0x000000000003074c                p
                0x0000000000030758                v
 .text          0x0000000000030764       0x94 kernel/start.o
                0x0000000000030764                cstart
 .text          0x00000000000307f8      0x81a kernel/main.o
                0x0000000000030887                sys_tem_p
                0x00000000000308ba                sys_tem_v
                0x00000000000308e0                kernel_main
                0x0000000000030bab                get_ticks
                0x0000000000030bdf                getProcSleepTicks
                0x0000000000030c13                goToSleep
                0x0000000000030c8b                TestA
                0x0000000000030c90                TestB
                0x0000000000030d12                TestC
                0x0000000000030dfa                TestD
                0x0000000000030ee2                TestE
                0x0000000000030fca                panic
 .text          0x0000000000031012       0xd1 kernel/clock.o
                0x0000000000031012                clock_handler
                0x0000000000031053                milli_delay
                0x000000000003108c                init_clock
 .text          0x00000000000310e3      0x640 kernel/keyboard.o
                0x00000000000310e3                keyboard_handler
                0x0000000000031140                init_keyboard
                0x00000000000311a8                keyboard_read
 .text          0x0000000000031723      0x558 kernel/tty.o
                0x0000000000031723                task_tty
                0x0000000000031820                in_process
                0x0000000000031a7d                tty_write
                0x0000000000031ac2                sys_printx
 .text          0x0000000000031c7b      0x52f kernel/console.o
                0x0000000000031c7b                init_screen
                0x0000000000031ded                is_current_console
                0x0000000000031e08                out_char
                0x000000000003210b                select_console
                0x0000000000032140                scroll_screen
 .text          0x00000000000321aa      0x12d kernel/i8259.o
                0x00000000000321aa                init_8259A
                0x000000000003227e                spurious_irq
                0x00000000000322b4                put_irq_handler
 .text          0x00000000000322d7        0x0 kernel/global.o
 .text          0x00000000000322d7      0x610 kernel/protect.o
                0x00000000000322d7                init_prot
                0x00000000000326f2                seg2phys
                0x00000000000327ad                exception_handler
 .text          0x00000000000328e7     0x169d kernel/proc.o
                0x00000000000328e7                isSleeping
                0x00000000000328fd                setSleep_ticks
                0x000000000003290e                adjustSleep_ticks
                0x0000000000032937                sys_process_sleep
                0x000000000003296b                schedule
                0x0000000000032a5e                sys_sendrec
                0x0000000000032b7f                send_recv
                0x0000000000032c3b                ldt_seg_linear
                0x0000000000032c85                va2la
                0x0000000000032ce6                reset_msg
                0x0000000000033ad5                dump_proc
                0x0000000000033e78                dump_msg
 .text          0x0000000000033f84       0x83 kernel/systask.o
                0x0000000000033f84                task_sys
 .text          0x0000000000034007       0x50 kernel/printf.o
                0x0000000000034007                printf
 .text          0x0000000000034057      0x305 kernel/vsprintf.o
                0x00000000000340b5                vsprintf
                0x0000000000034336                sprintf
 *fill*         0x000000000003435c        0x4 
 .text          0x0000000000034360       0xeb lib/kliba.o
                0x0000000000034360                disp_str
                0x000000000003439e                disp_color_str
                0x00000000000343dd                out_byte
                0x00000000000343e9                in_byte
                0x00000000000343f3                disable_irq
                0x0000000000034428                enable_irq
                0x0000000000034447                disable_int
                0x0000000000034449                enable_int
 .text          0x000000000003444b      0x117 lib/klib.o
                0x000000000003444b                itoa
                0x00000000000344f6                disp_int
                0x000000000003451c                delay
 *fill*         0x0000000000034562        0xe 
 .text          0x0000000000034570       0x78 lib/string.o
                0x0000000000034570                memcpy
                0x0000000000034599                memset
                0x00000000000345ba                strcpy
                0x00000000000345d2                strlen
 .text          0x00000000000345e8       0x53 lib/misc.o
                0x00000000000345e8                spin
                0x0000000000034603                assertion_failure
 *(.gnu.warning)

.fini
 *(SORT(.fini))
                [!provide]                        PROVIDE (__etext, .)
                [!provide]                        PROVIDE (_etext, .)
                [!provide]                        PROVIDE (etext, .)

.rodata         0x0000000000034640      0xdb1
 *(.rodata .rodata.* .gnu.linkonce.r.*)
 .rodata        0x0000000000034640       0x47 kernel/start.o
 *fill*         0x0000000000034687        0x1 
 .rodata        0x0000000000034688       0x9b kernel/main.o
 *fill*         0x0000000000034723        0x1 
 .rodata        0x0000000000034724       0x64 kernel/keyboard.o
 .rodata        0x0000000000034788       0x90 kernel/tty.o
 .rodata        0x0000000000034818       0x11 kernel/i8259.o
 *fill*         0x0000000000034829       0x17 
 .rodata        0x0000000000034840      0x540 kernel/protect.o
 .rodata        0x0000000000034d80      0x5fe kernel/proc.o
 .rodata        0x000000000003537e       0x11 kernel/systask.o
 *fill*         0x000000000003538f        0x1 
 .rodata        0x0000000000035390       0x61 lib/misc.o

.rodata1
 *(.rodata1)

.eh_frame_hdr
 *(.eh_frame_hdr)

.eh_frame       0x00000000000353f4      0x9d8
 *(.eh_frame)
 .eh_frame      0x00000000000353f4       0x38 kernel/start.o
 .eh_frame      0x000000000003542c      0x1e8 kernel/main.o
                                        0x200 (size before relaxing)
 .eh_frame      0x0000000000035614       0x60 kernel/clock.o
                                         0x78 (size before relaxing)
 .eh_frame      0x0000000000035674       0xe0 kernel/keyboard.o
                                         0xf8 (size before relaxing)
 .eh_frame      0x0000000000035754       0xfc kernel/tty.o
                                        0x114 (size before relaxing)
 .eh_frame      0x0000000000035850      0x100 kernel/console.o
                                        0x118 (size before relaxing)
 .eh_frame      0x0000000000035950       0x60 kernel/i8259.o
                                         0x78 (size before relaxing)
 .eh_frame      0x00000000000359b0       0xb0 kernel/protect.o
                                         0xc8 (size before relaxing)
 .eh_frame      0x0000000000035a60      0x234 kernel/proc.o
                                        0x24c (size before relaxing)
 .eh_frame      0x0000000000035c94       0x1c kernel/systask.o
                                         0x34 (size before relaxing)
 .eh_frame      0x0000000000035cb0       0x20 kernel/printf.o
                                         0x38 (size before relaxing)
 .eh_frame      0x0000000000035cd0       0x60 kernel/vsprintf.o
                                         0x78 (size before relaxing)
 .eh_frame      0x0000000000035d30       0x60 lib/klib.o
                                         0x78 (size before relaxing)
 .eh_frame      0x0000000000035d90       0x3c lib/misc.o
                                         0x54 (size before relaxing)

.gcc_except_table
 *(.gcc_except_table .gcc_except_table.*)

.exception_ranges
 *(.exception_ranges .exception_ranges*)
                0x0000000000035dcc                . = (ALIGN (0x1000) - ((0x1000 - .) & 0xfff))
                0x0000000000036000                . = DATA_SEGMENT_ALIGN (0x1000, 0x1000)

.eh_frame
 *(.eh_frame)

.gcc_except_table
 *(.gcc_except_table .gcc_except_table.*)

.exception_ranges
 *(.exception_ranges .exception_ranges*)

.tdata
 *(.tdata .tdata.* .gnu.linkonce.td.*)

.tbss
 *(.tbss .tbss.* .gnu.linkonce.tb.*)
 *(.tcommon)

.preinit_array  0x0000000000036000        0x0
                [!provide]                        PROVIDE (__preinit_array_start, .)
 *(.preinit_array)
                [!provide]                        PROVIDE (__preinit_array_end, .)

.init_array     0x0000000000036000        0x0
                [!provide]                        PROVIDE (__init_array_start, .)
 *(SORT(.init_array.*) SORT(.ctors.*))
 *(.init_array EXCLUDE_FILE(*crtend?.o *crtend.o *crtbegin?.o *crtbegin.o) .ctors)
                [!provide]                        PROVIDE (__init_array_end, .)

.fini_array     0x0000000000036000        0x0
                [!provide]                        PROVIDE (__fini_array_start, .)
 *(SORT(.fini_array.*) SORT(.dtors.*))
 *(.fini_array EXCLUDE_FILE(*crtend?.o *crtend.o *crtbegin?.o *crtbegin.o) .dtors)
                [!provide]                        PROVIDE (__fini_array_end, .)

.ctors
 *crtbegin.o(.ctors)
 *crtbegin?.o(.ctors)
 *(EXCLUDE_FILE(*crtend?.o *crtend.o) .ctors)
 *(SORT(.ctors.*))
 *(.ctors)

.dtors
 *crtbegin.o(.dtors)
 *crtbegin?.o(.dtors)
 *(EXCLUDE_FILE(*crtend?.o *crtend.o) .dtors)
 *(SORT(.dtors.*))
 *(.dtors)

.jcr
 *(.jcr)

.data.rel.ro
 *(.data.rel.ro.local* .gnu.linkonce.d.rel.ro.local.*)
 *(.data.rel.ro .data.rel.ro.* .gnu.linkonce.d.rel.ro.*)

.dynamic
 *(.dynamic)

.got
 *(.got)
 *(.igot)
                0x0000000000036000                . = DATA_SEGMENT_RELRO_END (., (SIZEOF (.got.plt) >= 0xc)?0xc:0x0)

.got.plt        0x0000000000036000        0x0
 *(.got.plt)
 *(.igot.plt)
 .igot.plt      0x0000000000036000        0x0 kernel/kernel.o

.data           0x0000000000036000      0x7b8
 *(.data .data.* .gnu.linkonce.d.*)
 .data          0x0000000000036000        0x2 kernel/kernel.o
 .data          0x0000000000036002        0x0 kernel/start.o
 .data          0x0000000000036002        0x0 kernel/main.o
 .data          0x0000000000036002        0x0 kernel/clock.o
 *fill*         0x0000000000036002       0x3e 
 .data          0x0000000000036040      0x600 kernel/keyboard.o
                0x0000000000036040                keymap
 .data          0x0000000000036640        0x0 kernel/tty.o
 .data          0x0000000000036640        0x0 kernel/console.o
 .data          0x0000000000036640        0x0 kernel/i8259.o
 .data          0x0000000000036640      0x178 kernel/global.o
                0x0000000000036640                current_proc
                0x0000000000036680                task_table
                0x0000000000036700                user_proc_table
                0x00000000000367a0                sys_call_table
                0x00000000000367b4                CHAIR
 .data          0x00000000000367b8        0x0 kernel/protect.o
 .data          0x00000000000367b8        0x0 kernel/proc.o
 .data          0x00000000000367b8        0x0 kernel/systask.o
 .data          0x00000000000367b8        0x0 kernel/printf.o
 .data          0x00000000000367b8        0x0 kernel/vsprintf.o
 .data          0x00000000000367b8        0x0 lib/klib.o
 .data          0x00000000000367b8        0x0 lib/misc.o

.data1
 *(.data1)
                0x00000000000367b8                _edata = .
                [!provide]                        PROVIDE (edata, .)
                0x00000000000367b8                . = .
                0x00000000000367b8                __bss_start = .

.bss            0x00000000000367c0    0x3a7f0
 *(.dynbss)
 *(.bss .bss.* .gnu.linkonce.b.*)
 .bss           0x00000000000367c0      0x800 kernel/kernel.o
 .bss           0x0000000000036fc0        0x0 kernel/start.o
 .bss           0x0000000000036fc0        0x4 kernel/main.o
                0x0000000000036fc0                customerNum
 .bss           0x0000000000036fc4        0x0 kernel/clock.o
 *fill*         0x0000000000036fc4       0x1c 
 .bss           0x0000000000036fe0       0x58 kernel/keyboard.o
 .bss           0x0000000000037038        0x4 kernel/tty.o
                0x0000000000037038                to_clear
 .bss           0x000000000003703c        0x0 kernel/console.o
 .bss           0x000000000003703c        0x0 kernel/i8259.o
 .bss           0x000000000003703c        0x4 kernel/global.o
                0x000000000003703c                waiting
 .bss           0x0000000000037040        0x0 kernel/protect.o
 .bss           0x0000000000037040        0x4 kernel/proc.o
                0x0000000000037040                k
 .bss           0x0000000000037044        0x0 kernel/systask.o
 .bss           0x0000000000037044        0x0 kernel/printf.o
 .bss           0x0000000000037044        0x0 kernel/vsprintf.o
 .bss           0x0000000000037044        0x0 lib/klib.o
 .bss           0x0000000000037044        0x0 lib/misc.o
 *(COMMON)
 *fill*         0x0000000000037044       0x3c 
 COMMON         0x0000000000037080    0x39f30 kernel/global.o
                0x0000000000037080                idt_ptr
                0x0000000000037088                currentSleep
                0x00000000000370c0                task_stack
                0x000000000006f0c0                k_reenter
                0x000000000006f100                gdt
                0x000000000006f500                tty_table
                0x0000000000070140                tss
                0x00000000000701c0                customers
                0x00000000000701f0                nr_current_console
                0x0000000000070200                mutex
                0x0000000000070230                disp_pos
                0x0000000000070234                gdt_ptr
                0x0000000000070240                idt
                0x0000000000070a40                ticks
                0x0000000000070a60                console_table
                0x0000000000070ac0                irq_table
                0x0000000000070b00                p_proc_ready
                0x0000000000070b40                proc_table
                0x0000000000070f80                barbers
                0x0000000000070fb0                . = ALIGN ((. != 0x0)?0x4:0x1)
                0x0000000000070fb0                . = ALIGN (0x4)
                0x0000000000070fb0                . = SEGMENT_START ("ldata-segment", .)
                0x0000000000070fb0                . = ALIGN (0x4)
                0x0000000000070fb0                _end = .
                [!provide]                        PROVIDE (end, .)
                0x0000000000070fb0                . = DATA_SEGMENT_END (.)

.stab
 *(.stab)

.stabstr
 *(.stabstr)

.stab.excl
 *(.stab.excl)

.stab.exclstr
 *(.stab.exclstr)

.stab.index
 *(.stab.index)

.stab.indexstr
 *(.stab.indexstr)

.comment        0x0000000000000000       0x25
 *(.comment)
 .comment       0x0000000000000000       0x25 kernel/start.o
                                         0x26 (size before relaxing)
 .comment       0x0000000000000025       0x26 kernel/main.o
 .comment       0x0000000000000025       0x26 kernel/clock.o
 .comment       0x0000000000000025       0x26 kernel/keyboard.o
 .comment       0x0000000000000025       0x26 kernel/tty.o
 .comment       0x0000000000000025       0x26 kernel/console.o
 .comment       0x0000000000000025       0x26 kernel/i8259.o
 .comment       0x0000000000000025       0x26 kernel/global.o
 .comment       0x0000000000000025       0x26 kernel/protect.o
 .comment       0x0000000000000025       0x26 kernel/proc.o
 .comment       0x0000000000000025       0x26 kernel/systask.o
 .comment       0x0000000000000025       0x26 kernel/printf.o
 .comment       0x0000000000000025       0x26 kernel/vsprintf.o
 .comment       0x0000000000000025       0x26 lib/klib.o
 .comment       0x0000000000000025       0x26 lib/misc.o

.debug
 *(.debug)

.line
 *(.line)

.debug_srcinfo
 *(.debug_srcinfo)

.debug_sfnames
 *(.debug_sfnames)

.debug_aranges
 *(.debug_aranges)

.debug_pubnames
 *(.debug_pubnames)

.debug_info
 *(.debug_info .gnu.linkonce.wi.*)

.debug_abbrev
 *(.debug_abbrev)

.debug_line
 *(.debug_line .debug_line.* .debug_line_end)

.debug_frame
 *(.debug_frame)

.debug_str
 *(.debug_str)

.debug_loc
 *(.debug_loc)

.debug_macinfo
 *(.debug_macinfo)

.debug_weaknames
 *(.debug_weaknames)

.debug_funcnames
 *(.debug_funcnames)

.debug_typenames
 *(.debug_typenames)

.debug_varnames
 *(.debug_varnames)

.debug_pubtypes
 *(.debug_pubtypes)

.debug_ranges
 *(.debug_ranges)

.debug_macro
 *(.debug_macro)

.gnu.attributes
 *(.gnu.attributes)

/DISCARD/
 *(.note.GNU-stack)
 *(.gnu_debuglink)
 *(.gnu.lto_*)
OUTPUT(kernel.bin elf32-i386)
